// Jest Snapshot v1, https://goo.gl/fbAQLP

exports[`Meta renders GraphQL data correctly 1`] = `
Array [
  <nav
    className="navbar"
  >
    <a
      className="nav__item home__icon"
      href="/"
    >
      <img
        alt="logo.png"
        src="test-file-stub"
        style={
          Object {
            "height": "50px",
            "width": "70px",
          }
        }
      />
    </a>
    <a
      className="nav__item"
      href="/blog"
    >
       Blog 
    </a>
    <a
      className="nav__item"
      href="/snippets"
    >
      Snippets
    </a>
    <a
      className="nav__item"
      href="/projects"
    >
      Projects
    </a>
    <a
      className="nav__item controls"
      href="#"
    />
  </nav>,
  <div
    style={
      Object {
        "margin": "auto",
        "width": "80%",
      }
    }
  >
    <h1>
      Site Meta
    </h1>
    <div>
      <div
        style={
          Object {
            "display": "flex",
            "flexDirection": "row",
            "justifyContent": "space-between",
          }
        }
      >
        <a
          href="/meta/algorithms/"
        >
          <h2>
            algorithms
          </h2>
        </a>
        <p>
          1
           Post
        </p>
      </div>
      <div
        style={
          Object {
            "border": "2px solid #c0c9ce",
            "borderRadius": "20px",
            "margin": "1em 0 1em 0",
            "padding": "10px",
          }
        }
      >
        <a
          href="/blog/google-foobar-challenge/"
        >
          Tackling the Google Foobar Challenge
        </a>
      </div>
    </div>
    <div>
      <div
        style={
          Object {
            "display": "flex",
            "flexDirection": "row",
            "justifyContent": "space-between",
          }
        }
      >
        <a
          href="/meta/docker/"
        >
          <h2>
            docker
          </h2>
        </a>
        <p>
          1
           Post
        </p>
      </div>
      <div
        style={
          Object {
            "border": "2px solid #c0c9ce",
            "borderRadius": "20px",
            "margin": "1em 0 1em 0",
            "padding": "10px",
          }
        }
      >
        <a
          href="/blog/markdown-test/"
        >
          Markdown Test
        </a>
      </div>
    </div>
    <div>
      <div
        style={
          Object {
            "display": "flex",
            "flexDirection": "row",
            "justifyContent": "space-between",
          }
        }
      >
        <a
          href="/meta/graphql/"
        >
          <h2>
            graphql
          </h2>
        </a>
        <p>
          1
           Post
        </p>
      </div>
      <div
        style={
          Object {
            "border": "2px solid #c0c9ce",
            "borderRadius": "20px",
            "margin": "1em 0 1em 0",
            "padding": "10px",
          }
        }
      >
        <a
          href="/snippets/test-snippet/"
        >
          Markdown Test
        </a>
      </div>
    </div>
    <div>
      <div
        style={
          Object {
            "display": "flex",
            "flexDirection": "row",
            "justifyContent": "space-between",
          }
        }
      >
        <a
          href="/meta/javascript/"
        >
          <h2>
            javascript
          </h2>
        </a>
        <p>
          1
           Post
        </p>
      </div>
      <div
        style={
          Object {
            "border": "2px solid #c0c9ce",
            "borderRadius": "20px",
            "margin": "1em 0 1em 0",
            "padding": "10px",
          }
        }
      >
        <a
          href="/projects/react-paypal/"
        >
          React PayPal
        </a>
      </div>
    </div>
    <div>
      <div
        style={
          Object {
            "display": "flex",
            "flexDirection": "row",
            "justifyContent": "space-between",
          }
        }
      >
        <a
          href="/meta/kubernetes/"
        >
          <h2>
            kubernetes
          </h2>
        </a>
        <p>
          1
           Post
        </p>
      </div>
      <div
        style={
          Object {
            "border": "2px solid #c0c9ce",
            "borderRadius": "20px",
            "margin": "1em 0 1em 0",
            "padding": "10px",
          }
        }
      >
        <a
          href="/blog/markdown-test/"
        >
          Markdown Test
        </a>
      </div>
    </div>
    <div>
      <div
        style={
          Object {
            "display": "flex",
            "flexDirection": "row",
            "justifyContent": "space-between",
          }
        }
      >
        <a
          href="/meta/mystery/"
        >
          <h2>
            mystery
          </h2>
        </a>
        <p>
          1
           Post
        </p>
      </div>
      <div
        style={
          Object {
            "border": "2px solid #c0c9ce",
            "borderRadius": "20px",
            "margin": "1em 0 1em 0",
            "padding": "10px",
          }
        }
      >
        <a
          href="/blog/diy-randonautica/"
        >
          Create your own Randonautica web app
        </a>
      </div>
    </div>
    <div>
      <div
        style={
          Object {
            "display": "flex",
            "flexDirection": "row",
            "justifyContent": "space-between",
          }
        }
      >
        <a
          href="/meta/paypal/"
        >
          <h2>
            paypal
          </h2>
        </a>
        <p>
          1
           Post
        </p>
      </div>
      <div
        style={
          Object {
            "border": "2px solid #c0c9ce",
            "borderRadius": "20px",
            "margin": "1em 0 1em 0",
            "padding": "10px",
          }
        }
      >
        <a
          href="/projects/react-paypal/"
        >
          React PayPal
        </a>
      </div>
    </div>
    <div>
      <div
        style={
          Object {
            "display": "flex",
            "flexDirection": "row",
            "justifyContent": "space-between",
          }
        }
      >
        <a
          href="/meta/python/"
        >
          <h2>
            python
          </h2>
        </a>
        <p>
          2
           Post
          s
        </p>
      </div>
      <div
        style={
          Object {
            "border": "2px solid #c0c9ce",
            "borderRadius": "20px",
            "margin": "1em 0 1em 0",
            "padding": "10px",
          }
        }
      >
        <a
          href="/blog/diy-randonautica/"
        >
          Create your own Randonautica web app
        </a>
      </div>
      <div
        style={
          Object {
            "border": "2px solid #c0c9ce",
            "borderRadius": "20px",
            "margin": "1em 0 1em 0",
            "padding": "10px",
          }
        }
      >
        <a
          href="/blog/google-foobar-challenge/"
        >
          Tackling the Google Foobar Challenge
        </a>
      </div>
    </div>
    <div>
      <div
        style={
          Object {
            "display": "flex",
            "flexDirection": "row",
            "justifyContent": "space-between",
          }
        }
      >
        <a
          href="/meta/react/"
        >
          <h2>
            react
          </h2>
        </a>
        <p>
          2
           Post
          s
        </p>
      </div>
      <div
        style={
          Object {
            "border": "2px solid #c0c9ce",
            "borderRadius": "20px",
            "margin": "1em 0 1em 0",
            "padding": "10px",
          }
        }
      >
        <a
          href="/blog/diy-randonautica/"
        >
          Create your own Randonautica web app
        </a>
      </div>
      <div
        style={
          Object {
            "border": "2px solid #c0c9ce",
            "borderRadius": "20px",
            "margin": "1em 0 1em 0",
            "padding": "10px",
          }
        }
      >
        <a
          href="/projects/react-paypal/"
        >
          React PayPal
        </a>
      </div>
    </div>
    <div>
      <div
        style={
          Object {
            "display": "flex",
            "flexDirection": "row",
            "justifyContent": "space-between",
          }
        }
      >
        <a
          href="/meta/rust/"
        >
          <h2>
            rust
          </h2>
        </a>
        <p>
          1
           Post
        </p>
      </div>
      <div
        style={
          Object {
            "border": "2px solid #c0c9ce",
            "borderRadius": "20px",
            "margin": "1em 0 1em 0",
            "padding": "10px",
          }
        }
      >
        <a
          href="/snippets/rust-blockchain/"
        >
          Markdown Test
        </a>
      </div>
    </div>
    <div>
      <div
        style={
          Object {
            "display": "flex",
            "flexDirection": "row",
            "justifyContent": "space-between",
          }
        }
      >
        <a
          href="/meta/sln/"
        >
          <h2>
            sln
          </h2>
        </a>
        <p>
          1
           Post
        </p>
      </div>
      <div
        style={
          Object {
            "border": "2px solid #c0c9ce",
            "borderRadius": "20px",
            "margin": "1em 0 1em 0",
            "padding": "10px",
          }
        }
      >
        <a
          href="/blog/markdown-test/"
        >
          Markdown Test
        </a>
      </div>
    </div>
    <div>
      <div
        style={
          Object {
            "display": "flex",
            "flexDirection": "row",
            "justifyContent": "space-between",
          }
        }
      >
        <a
          href="/meta/vscode/"
        >
          <h2>
            vscode
          </h2>
        </a>
        <p>
          1
           Post
        </p>
      </div>
      <div
        style={
          Object {
            "border": "2px solid #c0c9ce",
            "borderRadius": "20px",
            "margin": "1em 0 1em 0",
            "padding": "10px",
          }
        }
      >
        <a
          href="/blog/markdown-test/"
        >
          Markdown Test
        </a>
      </div>
    </div>
    <div>
      <div
        style={
          Object {
            "display": "flex",
            "flexDirection": "row",
            "justifyContent": "space-between",
          }
        }
      >
        <a
          href="/meta/zip/"
        >
          <h2>
            zip
          </h2>
        </a>
        <p>
          1
           Post
        </p>
      </div>
      <div
        style={
          Object {
            "border": "2px solid #c0c9ce",
            "borderRadius": "20px",
            "margin": "1em 0 1em 0",
            "padding": "10px",
          }
        }
      >
        <a
          href="/blog/markdown-test/"
        >
          Markdown Test
        </a>
      </div>
    </div>
  </div>,
  <footer
    className="footer"
  >
    <li
      className="footer__item"
    >
      2021
    </li>
    <li
      className="footer__item"
    />
  </footer>,
]
`;
