// Jest Snapshot v1, https://goo.gl/fbAQLP

exports[`Projects renders GraphQL data correctly 1`] = `
Array [
  <nav
    className="navbar"
  >
    <a
      className="nav__item home__icon"
      href="/"
    >
      <img
        alt="logo.png"
        src="test-file-stub"
        style={
          Object {
            "height": "50px",
            "width": "70px",
          }
        }
      />
    </a>
    <a
      className="nav__item"
      href="/blog"
    >
       Blog 
    </a>
    <a
      className="nav__item"
      href="/snippets"
    >
      Snippets
    </a>
    <a
      className="nav__item"
      href="/projects"
    >
      Projects
    </a>
    <a
      className="nav__item controls"
      href="#"
    />
  </nav>,
  <img
    alt="banner"
    className="article__cover"
    src="https://example.com"
  />,
  <article
    className="article__container"
    id="uuid"
  >
    <h1
      className="article__large-header"
    >
      Test Article
    </h1>
    <h3>
      1970-01-01
    </h3>
    <hr
      className="divider"
    />
    <section
      className="article__markdown-section"
    >
      <p>
        Hello world
      </p>
    </section>
  </article>,
  <footer
    className="footer"
  >
    <li
      className="footer__item"
    >
      2021
    </li>
    <li
      className="footer__item"
    />
  </footer>,
]
`;
